Resolving dependencies...
Downloading packages...
  app_links 6.4.1 (7.0.0 available)
  characters 1.4.0 (1.4.1 available)
  connectivity_plus 6.1.5 (7.0.0 available)
  ffi 2.1.4 (2.1.5 available)
  flutter_riverpod 2.6.1 (3.2.0 available)
  flutter_secure_storage 9.2.4 (10.0.0 available)
  flutter_secure_storage_linux 1.2.3 (3.0.0 available)
  flutter_secure_storage_macos 3.1.3 (4.0.0 available)
  flutter_secure_storage_platform_interface 1.1.2 (2.0.1 available)
  flutter_secure_storage_web 1.2.1 (2.1.0 available)
  flutter_secure_storage_windows 3.1.2 (4.1.0 available)
  google_fonts 6.3.2 (7.0.2 available)
  gotrue 2.16.0 (2.18.0 available)
  image 4.5.4 (4.7.2 available)
  intl 0.18.1 (0.20.2 available)
  js 0.6.7 (0.7.2 available)
  local_auth 2.3.0 (3.0.0 available)
  local_auth_android 1.0.56 (2.0.4 available)
  local_auth_darwin 1.6.1 (2.0.1 available)
  local_auth_windows 1.0.11 (2.0.1 available)
  matcher 0.12.17 (0.12.18 available)
  material_color_utilities 0.11.1 (0.13.0 available)
  meta 1.17.0 (1.18.0 available)
  path_provider_foundation 2.5.1 (2.6.0 available)
  postgrest 2.5.0 (2.6.0 available)
  realtime_client 2.6.0 (2.7.0 available)
  riverpod 2.6.1 (3.2.0 available)
  sentry 8.14.2 (9.10.0 available)
  sentry_flutter 8.14.2 (9.10.0 available)
  share_plus 10.1.4 (12.0.1 available)
  share_plus_platform_interface 5.0.2 (6.1.0 available)
  shared_preferences 2.5.3 (2.5.4 available)
  shared_preferences_android 2.4.17 (2.4.18 available)
  supabase 2.10.0 (2.10.2 available)
  supabase_flutter 2.10.3 (2.12.0 available)
  test_api 0.7.7 (0.7.9 available)
  url_launcher_web 2.4.1 (2.4.2 available)
Got dependencies!
37 packages have newer versions incompatible with dependency constraints.
Try `flutter pub outdated` for more information.
Running Gradle task 'assembleDebug'...                          
flutter : lib/screens
/login_screen.dart:12
4:9: Error: The 
getter 'isPinSet' 
isn't defined for 
the type 
'_LoginScreenState'.
At line:1 char:1
+ flutter build apk 
--debug > 
build_output.txt 2>&1
+ ~~~~~~~~~~~~~~~~~~~
~~~~~~~~~~~~~~~~~~~~~
~~~~~~~~~
    + CategoryInfo   
           : NotSpe  
  cified: (lib/scr   
 eens/log...inScr    
eenState'.:Strin    
g) [], RemoteExc    
eption
    + FullyQualified 
   ErrorId : Native  
  CommandError
 
 - 
'_LoginScreenState' 
is from 'package:slg_
thangangal/screens/lo
gin_screen.dart' ('li
b/screens/login_scree
n.dart').
Try correcting the 
name to the name of 
an existing getter, 
or defining a getter 
or field named 
'isPinSet'.
    if (isPinSet && 
savedPhone == 
cleanedPhone) {
        ^^^^^^^^
lib/screens/login_scr
een.dart:124:21: 
Error: The getter 
'savedPhone' isn't 
defined for the type 
'_LoginScreenState'.
 - 
'_LoginScreenState' 
is from 'package:slg_
thangangal/screens/lo
gin_screen.dart' ('li
b/screens/login_scree
n.dart').
Try correcting the 
name to the name of 
an existing getter, 
or defining a getter 
or field named 
'savedPhone'.
    if (isPinSet && 
savedPhone == 
cleanedPhone) {
                    
^^^^^^^^^^
Target kernel_snapsho
t_program failed: 
Exception


FAILURE: Build 
failed with an 
exception.

* What went wrong:
Execution failed for 
task ':app:compileFlu
tterBuildDebug'.
> Process 'command 'C
:\Users\itzme\OneDriv
e\Desktop\flutter\flu
tter\bin\flutter.bat'
' finished with 
non-zero exit value 1

* Try:
> Run with 
--stacktrace option 
to get the stack 
trace.
> Run with --info or 
--debug option to 
get more log output.
> Run with --scan to 
get full insights.
> Get more help at ht
tps://help.gradle.org
.

BUILD FAILED in 52s
Running Gradle task 'assembleDebug'...                             54.7s
Gradle task 
assembleDebug failed 
with exit code 1
